// Jest Snapshot v1, https://goo.gl/fbAQLP

exports[`Pruebas en <GrifGridItem /> should coindidir con snapshot 1`] = `
<div
  className="card animate__fadeIn"
>
  <p>
    A title
  </p>
  <img
    alt="A title"
    src="https://localhost/algo.jpg"
  />
</div>
`;
